2025-08-22 00:52:58 [INFO]: Starting ATIVE Casino Bot in DEVELOPMENT mode
2025-08-22 00:52:59 [INFO]: ATIVE Casino Bot logged in as TEST ATIVE#2571 (ID: 1404027373048823838)
2025-08-22 00:52:59 [INFO]: 🔧 Using Firebase credentials from separated environment variables
2025-08-22 00:52:59 [INFO]: ✅ Created service account for project: ativecasino
2025-08-22 00:52:59 [INFO]: 🚀 Firebase app initialized
2025-08-22 00:52:59 [INFO]: ✅ Firebase Firestore connected successfully
2025-08-22 00:52:59 [INFO]: Firebase database manager initialized
2025-08-22 00:52:59 [INFO]: Database initialized successfully
2025-08-22 00:52:59 [INFO]: Loaded command: addmoney
2025-08-22 00:52:59 [INFO]: Loaded command: blackjack
2025-08-22 00:52:59 [INFO]: Loaded command: status
2025-08-22 00:52:59 [INFO]: Loaded command: balance
2025-08-22 00:52:59 [INFO]: Loaded command: polls
2025-08-22 00:52:59 [INFO]: Loaded command: slots
2025-08-22 00:52:59 [INFO]: Started refreshing application (/) commands
2025-08-22 00:52:59 [INFO]: Successfully reloaded 6 application (/) commands
2025-08-22 00:52:59 [INFO]: Loaded 6 commands
2025-08-22 00:52:59 [INFO]: Sent development announcement to channel
2025-08-22 00:53:03 [INFO]: Startup notification sent successfully
2025-08-22 00:54:23 [INFO]: Received SIGINT, shutting down gracefully...
2025-08-22 00:54:46 [INFO]: Starting ATIVE Casino Bot in DEVELOPMENT mode
2025-08-22 00:54:47 [INFO]: ATIVE Casino Bot logged in as TEST ATIVE#2571 (ID: 1404027373048823838)
2025-08-22 00:54:47 [INFO]: 🔧 Using Firebase credentials from separated environment variables
2025-08-22 00:54:47 [INFO]: ✅ Created service account for project: ativecasino
2025-08-22 00:54:47 [INFO]: 🚀 Firebase app initialized
2025-08-22 00:54:47 [INFO]: ✅ Firebase Firestore connected successfully
2025-08-22 00:54:47 [INFO]: Firebase database manager initialized
2025-08-22 00:54:47 [INFO]: Database initialized successfully
2025-08-22 00:54:47 [INFO]: Loaded command: addmoney
2025-08-22 00:54:47 [INFO]: Loaded command: blackjack
2025-08-22 00:54:47 [INFO]: Loaded command: status
2025-08-22 00:54:47 [INFO]: Loaded command: balance
2025-08-22 00:54:47 [INFO]: Loaded command: polls
2025-08-22 00:54:47 [INFO]: Loaded command: slots
2025-08-22 00:54:47 [INFO]: Started refreshing application (/) commands
2025-08-22 00:54:47 [INFO]: Successfully reloaded 6 application (/) commands
2025-08-22 00:54:47 [INFO]: Loaded 6 commands
2025-08-22 00:54:47 [INFO]: Sent development announcement to channel
2025-08-22 00:54:51 [INFO]: Startup notification sent successfully
2025-08-22 00:56:24 [INFO]: Starting ATIVE Casino Bot in DEVELOPMENT mode
2025-08-22 00:56:25 [INFO]: ATIVE Casino Bot logged in as TEST ATIVE#2571 (ID: 1404027373048823838)
2025-08-22 00:56:25 [INFO]: 🔧 Using Firebase credentials from separated environment variables
2025-08-22 00:56:25 [INFO]: ✅ Created service account for project: ativecasino
2025-08-22 00:56:25 [INFO]: 🚀 Firebase app initialized
2025-08-22 00:56:25 [INFO]: ✅ Firebase Firestore connected successfully
2025-08-22 00:56:25 [INFO]: Firebase database manager initialized
2025-08-22 00:56:25 [INFO]: Database initialized successfully
2025-08-22 00:56:25 [INFO]: Loaded command: addmoney
2025-08-22 00:56:25 [INFO]: Loaded command: blackjack
2025-08-22 00:56:25 [INFO]: Loaded command: status
2025-08-22 00:56:25 [INFO]: Loaded command: balance
2025-08-22 00:56:25 [INFO]: Loaded command: polls
2025-08-22 00:56:25 [INFO]: Loaded command: slots
2025-08-22 00:56:25 [INFO]: Started refreshing application (/) commands
2025-08-22 00:56:25 [INFO]: Successfully reloaded 6 application (/) commands
2025-08-22 00:56:25 [INFO]: Loaded 6 commands
2025-08-22 00:56:25 [INFO]: Sent development announcement to channel
2025-08-22 00:56:29 [INFO]: Startup notification sent successfully
2025-08-22 00:57:55 [INFO]: Starting ATIVE Casino Bot in DEVELOPMENT mode
2025-08-22 00:57:55 [INFO]: ATIVE Casino Bot logged in as TEST ATIVE#2571 (ID: 1404027373048823838)
2025-08-22 00:57:55 [INFO]: 🔧 Using Firebase credentials from separated environment variables
2025-08-22 00:57:55 [INFO]: ✅ Created service account for project: ativecasino
2025-08-22 00:57:55 [INFO]: 🚀 Firebase app initialized
2025-08-22 00:57:55 [INFO]: ✅ Firebase Firestore connected successfully
2025-08-22 00:57:55 [INFO]: Firebase database manager initialized
2025-08-22 00:57:55 [INFO]: Database initialized successfully
2025-08-22 00:57:55 [INFO]: Loaded command: addmoney
2025-08-22 00:57:55 [INFO]: Loaded command: blackjack
2025-08-22 00:57:55 [INFO]: Loaded command: status
2025-08-22 00:57:55 [INFO]: Loaded command: balance
2025-08-22 00:57:55 [INFO]: Loaded command: polls
2025-08-22 00:57:55 [INFO]: Loaded command: slots
2025-08-22 00:57:55 [INFO]: Started refreshing application (/) commands
2025-08-22 00:57:55 [INFO]: Successfully reloaded 6 application (/) commands
2025-08-22 00:57:55 [INFO]: Loaded 6 commands
2025-08-22 00:57:56 [INFO]: Sent development announcement to channel
2025-08-22 00:58:00 [INFO]: Startup notification sent successfully
2025-08-22 00:58:06 [INFO]: Starting ATIVE Casino Bot in DEVELOPMENT mode
2025-08-22 00:58:06 [INFO]: ATIVE Casino Bot logged in as TEST ATIVE#2571 (ID: 1404027373048823838)
2025-08-22 00:58:06 [INFO]: 🔧 Using Firebase credentials from separated environment variables
2025-08-22 00:58:06 [INFO]: ✅ Created service account for project: ativecasino
2025-08-22 00:58:06 [INFO]: 🚀 Firebase app initialized
2025-08-22 00:58:06 [INFO]: ✅ Firebase Firestore connected successfully
2025-08-22 00:58:06 [INFO]: Firebase database manager initialized
2025-08-22 00:58:06 [INFO]: Database initialized successfully
2025-08-22 00:58:06 [INFO]: Loaded command: addmoney
2025-08-22 00:58:06 [INFO]: Loaded command: blackjack
2025-08-22 00:58:06 [INFO]: Loaded command: status
2025-08-22 00:58:06 [INFO]: Loaded command: balance
2025-08-22 00:58:06 [INFO]: Loaded command: polls
2025-08-22 00:58:06 [INFO]: Loaded command: slots
2025-08-22 00:58:06 [INFO]: Started refreshing application (/) commands
2025-08-22 00:58:07 [INFO]: Successfully reloaded 6 application (/) commands
2025-08-22 00:58:07 [INFO]: Loaded 6 commands
2025-08-22 00:58:07 [INFO]: Sent development announcement to channel
2025-08-22 00:58:11 [INFO]: Startup notification sent successfully
2025-08-22 00:58:11 [INFO]: Starting ATIVE Casino Bot in DEVELOPMENT mode
2025-08-22 00:58:12 [INFO]: ATIVE Casino Bot logged in as TEST ATIVE#2571 (ID: 1404027373048823838)
2025-08-22 00:58:12 [INFO]: 🔧 Using Firebase credentials from separated environment variables
2025-08-22 00:58:12 [INFO]: ✅ Created service account for project: ativecasino
2025-08-22 00:58:12 [INFO]: 🚀 Firebase app initialized
2025-08-22 00:58:12 [INFO]: ✅ Firebase Firestore connected successfully
2025-08-22 00:58:12 [INFO]: Firebase database manager initialized
2025-08-22 00:58:12 [INFO]: Database initialized successfully
2025-08-22 00:58:12 [INFO]: Loaded command: addmoney
2025-08-22 00:58:12 [INFO]: Loaded command: blackjack
2025-08-22 00:58:12 [INFO]: Loaded command: status
2025-08-22 00:58:12 [INFO]: Loaded command: balance
2025-08-22 00:58:12 [INFO]: Loaded command: polls
2025-08-22 00:58:12 [INFO]: Loaded command: slots
2025-08-22 00:58:12 [INFO]: Started refreshing application (/) commands
2025-08-22 00:58:17 [INFO]: Starting ATIVE Casino Bot in DEVELOPMENT mode
2025-08-22 00:58:17 [INFO]: ATIVE Casino Bot logged in as TEST ATIVE#2571 (ID: 1404027373048823838)
2025-08-22 00:58:17 [INFO]: 🔧 Using Firebase credentials from separated environment variables
2025-08-22 00:58:17 [INFO]: ✅ Created service account for project: ativecasino
2025-08-22 00:58:17 [INFO]: 🚀 Firebase app initialized
2025-08-22 00:58:17 [INFO]: ✅ Firebase Firestore connected successfully
2025-08-22 00:58:17 [INFO]: Firebase database manager initialized
2025-08-22 00:58:17 [INFO]: Database initialized successfully
2025-08-22 00:58:17 [INFO]: Loaded command: addmoney
2025-08-22 00:58:17 [INFO]: Loaded command: blackjack
2025-08-22 00:58:17 [INFO]: Loaded command: status
2025-08-22 00:58:17 [INFO]: Loaded command: balance
2025-08-22 00:58:17 [INFO]: Loaded command: polls
2025-08-22 00:58:17 [INFO]: Loaded command: slots
2025-08-22 00:58:17 [INFO]: Started refreshing application (/) commands
2025-08-22 00:58:22 [INFO]: Starting ATIVE Casino Bot in DEVELOPMENT mode
2025-08-22 00:58:23 [INFO]: ATIVE Casino Bot logged in as TEST ATIVE#2571 (ID: 1404027373048823838)
2025-08-22 00:58:23 [INFO]: 🔧 Using Firebase credentials from separated environment variables
2025-08-22 00:58:23 [INFO]: ✅ Created service account for project: ativecasino
2025-08-22 00:58:23 [INFO]: 🚀 Firebase app initialized
2025-08-22 00:58:23 [INFO]: ✅ Firebase Firestore connected successfully
2025-08-22 00:58:23 [INFO]: Firebase database manager initialized
2025-08-22 00:58:23 [INFO]: Database initialized successfully
2025-08-22 00:58:23 [INFO]: Loaded command: addmoney
2025-08-22 00:58:23 [INFO]: Loaded command: blackjack
2025-08-22 00:58:23 [INFO]: Loaded command: status
2025-08-22 00:58:23 [INFO]: Loaded command: balance
2025-08-22 00:58:23 [INFO]: Loaded command: polls
2025-08-22 00:58:23 [INFO]: Loaded command: slots
2025-08-22 00:58:23 [INFO]: Started refreshing application (/) commands
2025-08-22 00:58:28 [INFO]: Starting ATIVE Casino Bot in DEVELOPMENT mode
2025-08-22 00:58:28 [INFO]: ATIVE Casino Bot logged in as TEST ATIVE#2571 (ID: 1404027373048823838)
2025-08-22 00:58:28 [INFO]: 🔧 Using Firebase credentials from separated environment variables
2025-08-22 00:58:28 [INFO]: ✅ Created service account for project: ativecasino
2025-08-22 00:58:28 [INFO]: 🚀 Firebase app initialized
2025-08-22 00:58:28 [INFO]: ✅ Firebase Firestore connected successfully
2025-08-22 00:58:28 [INFO]: Firebase database manager initialized
2025-08-22 00:58:28 [INFO]: Database initialized successfully
2025-08-22 00:58:28 [INFO]: Loaded command: addmoney
2025-08-22 00:58:28 [INFO]: Loaded command: blackjack
2025-08-22 00:58:28 [INFO]: Loaded command: status
2025-08-22 00:58:28 [INFO]: Loaded command: balance
2025-08-22 00:58:28 [INFO]: Loaded command: polls
2025-08-22 00:58:28 [INFO]: Loaded command: slots
2025-08-22 00:58:28 [INFO]: Started refreshing application (/) commands
2025-08-22 00:58:29 [INFO]: Successfully reloaded 6 application (/) commands
2025-08-22 00:58:29 [INFO]: Loaded 6 commands
2025-08-22 00:58:29 [INFO]: Sent development announcement to channel
2025-08-22 00:58:33 [INFO]: Startup notification sent successfully
2025-08-22 00:58:33 [INFO]: Received SIGINT, shutting down gracefully...
2025-08-22 00:58:41 [INFO]: Starting ATIVE Casino Bot in DEVELOPMENT mode
2025-08-22 00:58:42 [INFO]: ATIVE Casino Bot logged in as TEST ATIVE#2571 (ID: 1404027373048823838)
2025-08-22 00:58:42 [INFO]: 🔧 Using Firebase credentials from separated environment variables
2025-08-22 00:58:42 [INFO]: ✅ Created service account for project: ativecasino
2025-08-22 00:58:42 [INFO]: 🚀 Firebase app initialized
2025-08-22 00:58:42 [INFO]: ✅ Firebase Firestore connected successfully
2025-08-22 00:58:42 [INFO]: Firebase database manager initialized
2025-08-22 00:58:42 [INFO]: Database initialized successfully
2025-08-22 00:58:42 [INFO]: Loaded command: addmoney
2025-08-22 00:58:42 [INFO]: Loaded command: blackjack
2025-08-22 00:58:42 [INFO]: Loaded command: status
2025-08-22 00:58:42 [INFO]: Loaded command: balance
2025-08-22 00:58:42 [INFO]: Loaded command: polls
2025-08-22 00:58:42 [INFO]: Loaded command: slots
2025-08-22 00:58:42 [INFO]: Started refreshing application (/) commands
2025-08-22 01:04:57 [INFO]: Starting ATIVE Casino Bot in DEVELOPMENT mode
2025-08-22 01:04:58 [INFO]: ATIVE Casino Bot logged in as TEST ATIVE#2571 (ID: 1404027373048823838)
2025-08-22 01:04:58 [INFO]: 🔧 Using Firebase credentials from separated environment variables
2025-08-22 01:04:58 [INFO]: ✅ Created service account for project: ativecasino
2025-08-22 01:04:58 [INFO]: 🚀 Firebase app initialized
2025-08-22 01:04:58 [INFO]: ✅ Firebase Firestore connected successfully
2025-08-22 01:04:58 [INFO]: Firebase database manager initialized
2025-08-22 01:04:58 [INFO]: Database initialized successfully
2025-08-22 01:04:58 [INFO]: Loaded command: addmoney
2025-08-22 01:04:58 [INFO]: Loaded command: blackjack
2025-08-22 01:04:58 [INFO]: Loaded command: status
2025-08-22 01:04:58 [INFO]: Loaded command: balance
2025-08-22 01:04:58 [INFO]: Loaded command: panel
2025-08-22 01:04:58 [INFO]: Loaded command: polls
2025-08-22 01:04:58 [INFO]: Loaded command: slots
2025-08-22 01:04:58 [INFO]: Started refreshing application (/) commands
2025-08-22 01:04:58 [INFO]: Successfully reloaded 7 application (/) commands
2025-08-22 01:04:58 [INFO]: Loaded 7 commands
2025-08-22 01:04:58 [INFO]: Sent development announcement to channel
2025-08-22 01:05:02 [INFO]: Startup notification sent successfully
2025-08-22 01:08:46 [INFO]: Starting ATIVE Casino Bot in DEVELOPMENT mode
2025-08-22 01:08:46 [INFO]: ATIVE Casino Bot logged in as TEST ATIVE#2571 (ID: 1404027373048823838)
2025-08-22 01:08:46 [INFO]: 🔧 Using Firebase credentials from separated environment variables
2025-08-22 01:08:46 [INFO]: ✅ Created service account for project: ativecasino
2025-08-22 01:08:46 [INFO]: 🚀 Firebase app initialized
2025-08-22 01:08:46 [INFO]: ✅ Firebase Firestore connected successfully
2025-08-22 01:08:46 [INFO]: Firebase database manager initialized
2025-08-22 01:08:46 [INFO]: Database initialized successfully
2025-08-22 01:08:46 [INFO]: Loaded command: addmoney
2025-08-22 01:08:46 [INFO]: Loaded command: blackjack
2025-08-22 01:08:46 [INFO]: Loaded command: status
2025-08-22 01:08:46 [INFO]: Loaded command: balance
2025-08-22 01:08:46 [INFO]: Loaded command: panel
2025-08-22 01:08:46 [INFO]: Loaded command: polls
2025-08-22 01:08:46 [INFO]: Loaded command: slots
2025-08-22 01:08:46 [INFO]: Started refreshing application (/) commands
2025-08-22 01:08:46 [INFO]: Successfully reloaded 7 application (/) commands
2025-08-22 01:08:46 [INFO]: Loaded 7 commands
2025-08-22 01:08:47 [INFO]: Sent development announcement to channel
2025-08-22 01:08:51 [INFO]: Startup notification sent successfully
2025-08-22 01:09:06 [INFO]: Panel opened: developer by talmax1124 (466050111680544798)
2025-08-22 01:10:06 [INFO]: Set balance for user 466050111680544798: wallet=10450342350.57293, bank=999393992872178.8
2025-08-22 01:10:06 [INFO]: User 466050111680544798 placed bet of $10,000.00 for blackjack
2025-08-22 01:11:25 [INFO]: Starting ATIVE Casino Bot in DEVELOPMENT mode
2025-08-22 01:11:25 [INFO]: ATIVE Casino Bot logged in as TEST ATIVE#2571 (ID: 1404027373048823838)
2025-08-22 01:11:25 [INFO]: 🔧 Using Firebase credentials from separated environment variables
2025-08-22 01:11:25 [INFO]: ✅ Created service account for project: ativecasino
2025-08-22 01:11:25 [INFO]: 🚀 Firebase app initialized
2025-08-22 01:11:25 [INFO]: ✅ Firebase Firestore connected successfully
2025-08-22 01:11:25 [INFO]: Firebase database manager initialized
2025-08-22 01:11:25 [INFO]: Database initialized successfully
2025-08-22 01:11:25 [INFO]: Loaded command: addmoney
2025-08-22 01:11:25 [INFO]: Loaded command: blackjack
2025-08-22 01:11:25 [INFO]: Loaded command: status
2025-08-22 01:11:25 [INFO]: Loaded command: balance
2025-08-22 01:11:25 [INFO]: Loaded command: panel
2025-08-22 01:11:25 [INFO]: Loaded command: polls
2025-08-22 01:11:25 [INFO]: Loaded command: slots
2025-08-22 01:11:25 [INFO]: Started refreshing application (/) commands
2025-08-22 01:11:26 [INFO]: Successfully reloaded 7 application (/) commands
2025-08-22 01:11:26 [INFO]: Loaded 7 commands
2025-08-22 01:11:26 [INFO]: Sent development announcement to channel
2025-08-22 01:11:30 [INFO]: Startup notification sent successfully
2025-08-22 01:11:50 [INFO]: Starting ATIVE Casino Bot in DEVELOPMENT mode
2025-08-22 01:11:50 [INFO]: ATIVE Casino Bot logged in as TEST ATIVE#2571 (ID: 1404027373048823838)
2025-08-22 01:11:50 [INFO]: 🔧 Using Firebase credentials from separated environment variables
2025-08-22 01:11:50 [INFO]: ✅ Created service account for project: ativecasino
2025-08-22 01:11:50 [INFO]: 🚀 Firebase app initialized
2025-08-22 01:11:50 [INFO]: ✅ Firebase Firestore connected successfully
2025-08-22 01:11:50 [INFO]: Firebase database manager initialized
2025-08-22 01:11:50 [INFO]: Database initialized successfully
2025-08-22 01:11:50 [INFO]: Loaded command: addmoney
2025-08-22 01:11:50 [INFO]: Loaded command: blackjack
2025-08-22 01:11:50 [INFO]: Loaded command: status
2025-08-22 01:11:50 [INFO]: Loaded command: balance
2025-08-22 01:11:50 [INFO]: Loaded command: panel
2025-08-22 01:11:50 [INFO]: Loaded command: polls
2025-08-22 01:11:50 [INFO]: Loaded command: slots
2025-08-22 01:11:50 [INFO]: Started refreshing application (/) commands
2025-08-22 01:11:50 [INFO]: Successfully reloaded 7 application (/) commands
2025-08-22 01:11:50 [INFO]: Loaded 7 commands
2025-08-22 01:11:51 [INFO]: Sent development announcement to channel
2025-08-22 01:11:55 [INFO]: Startup notification sent successfully
2025-08-22 01:12:06 [INFO]: Starting ATIVE Casino Bot in DEVELOPMENT mode
2025-08-22 01:12:07 [INFO]: ATIVE Casino Bot logged in as TEST ATIVE#2571 (ID: 1404027373048823838)
2025-08-22 01:12:07 [INFO]: 🔧 Using Firebase credentials from separated environment variables
2025-08-22 01:12:07 [INFO]: ✅ Created service account for project: ativecasino
2025-08-22 01:12:07 [INFO]: 🚀 Firebase app initialized
2025-08-22 01:12:07 [INFO]: ✅ Firebase Firestore connected successfully
2025-08-22 01:12:07 [INFO]: Firebase database manager initialized
2025-08-22 01:12:07 [INFO]: Database initialized successfully
2025-08-22 01:12:07 [INFO]: Loaded command: addmoney
2025-08-22 01:12:07 [INFO]: Loaded command: blackjack
2025-08-22 01:12:07 [INFO]: Loaded command: status
2025-08-22 01:12:07 [INFO]: Loaded command: balance
2025-08-22 01:12:07 [INFO]: Loaded command: panel
2025-08-22 01:12:07 [INFO]: Loaded command: polls
2025-08-22 01:12:07 [INFO]: Loaded command: slots
2025-08-22 01:12:07 [INFO]: Started refreshing application (/) commands
2025-08-22 01:12:08 [INFO]: Successfully reloaded 7 application (/) commands
2025-08-22 01:12:08 [INFO]: Loaded 7 commands
2025-08-22 01:12:08 [INFO]: Sent development announcement to channel
2025-08-22 01:12:12 [INFO]: Startup notification sent successfully
2025-08-22 01:12:35 [INFO]: Starting ATIVE Casino Bot in DEVELOPMENT mode
2025-08-22 01:12:35 [INFO]: ATIVE Casino Bot logged in as TEST ATIVE#2571 (ID: 1404027373048823838)
2025-08-22 01:12:35 [INFO]: 🔧 Using Firebase credentials from separated environment variables
2025-08-22 01:12:35 [INFO]: ✅ Created service account for project: ativecasino
2025-08-22 01:12:35 [INFO]: 🚀 Firebase app initialized
2025-08-22 01:12:35 [INFO]: ✅ Firebase Firestore connected successfully
2025-08-22 01:12:35 [INFO]: Firebase database manager initialized
2025-08-22 01:12:35 [INFO]: Database initialized successfully
2025-08-22 01:12:35 [INFO]: Loaded command: addmoney
2025-08-22 01:12:35 [INFO]: Loaded command: blackjack
2025-08-22 01:12:35 [INFO]: Loaded command: status
2025-08-22 01:12:35 [INFO]: Loaded command: balance
2025-08-22 01:12:35 [INFO]: Loaded command: panel
2025-08-22 01:12:35 [INFO]: Loaded command: polls
2025-08-22 01:12:35 [INFO]: Loaded command: slots
2025-08-22 01:12:35 [INFO]: Started refreshing application (/) commands
2025-08-22 01:12:35 [INFO]: Successfully reloaded 7 application (/) commands
2025-08-22 01:12:35 [INFO]: Loaded 7 commands
2025-08-22 01:12:36 [INFO]: Sent development announcement to channel
2025-08-22 01:12:37 [INFO]: Received SIGTERM, shutting down gracefully...
2025-08-22 01:13:58 [INFO]: Starting ATIVE Casino Bot in DEVELOPMENT mode
2025-08-22 01:13:58 [INFO]: ATIVE Casino Bot logged in as TEST ATIVE#2571 (ID: 1404027373048823838)
2025-08-22 01:13:58 [INFO]: 🔧 Using Firebase credentials from separated environment variables
2025-08-22 01:13:58 [INFO]: ✅ Created service account for project: ativecasino
2025-08-22 01:13:58 [INFO]: 🚀 Firebase app initialized
2025-08-22 01:13:58 [INFO]: ✅ Firebase Firestore connected successfully
2025-08-22 01:13:58 [INFO]: Firebase database manager initialized
2025-08-22 01:13:58 [INFO]: Database initialized successfully
2025-08-22 01:13:58 [INFO]: Loaded command: addmoney
2025-08-22 01:13:58 [INFO]: Loaded command: blackjack
2025-08-22 01:13:58 [INFO]: Loaded command: status
2025-08-22 01:13:58 [INFO]: Loaded command: balance
2025-08-22 01:13:58 [INFO]: Loaded command: panel
2025-08-22 01:13:58 [INFO]: Loaded command: polls
2025-08-22 01:13:58 [INFO]: Loaded command: slots
2025-08-22 01:13:58 [INFO]: Started refreshing application (/) commands
2025-08-22 01:13:59 [INFO]: Successfully reloaded 7 application (/) commands
2025-08-22 01:13:59 [INFO]: Loaded 7 commands
2025-08-22 01:13:59 [INFO]: Sent development announcement to channel
2025-08-22 01:14:03 [INFO]: Startup notification sent successfully
2025-08-22 01:14:11 [INFO]: Set balance for user 466050111680544798: wallet=10450332350.57293, bank=999393992872178.8
2025-08-22 01:14:11 [INFO]: User 466050111680544798 placed bet of $10,000.00 for blackjack
2025-08-22 01:14:15 [INFO]: Set balance for user 466050111680544798: wallet=10450332350.57293, bank=999393992872178.8
2025-08-22 01:14:15 [INFO]: Updated stats for 466050111680544798_blackjack: wins=2, losses=4
2025-08-22 01:14:15 [INFO]: Processed payout for 466050111680544798: $0.00 (loss)
2025-08-22 01:14:21 [INFO]: Set balance for user 466050111680544798: wallet=10450322350.57293, bank=999393992872178.8
2025-08-22 01:14:21 [INFO]: User 466050111680544798 placed bet of $10,000.00 for blackjack
2025-08-22 01:14:25 [ERROR]: TypeError: game.stand is not a function
    at Object.blackjack_stand (/Users/carlosdiazplaza/ative_casino_bot/COMMANDS/blackjack.js:269:14)
    at Client.<anonymous> (/Users/carlosdiazplaza/ative_casino_bot/index.js:253:68)
    at Client.emit (node:events:518:28)
    at InteractionCreateAction.handle (/Users/carlosdiazplaza/ative_casino_bot/node_modules/discord.js/src/client/actions/InteractionCreate.js:101:12)
    at module.exports [as INTERACTION_CREATE] (/Users/carlosdiazplaza/ative_casino_bot/node_modules/discord.js/src/client/websocket/handlers/INTERACTION_CREATE.js:4:36)
    at WebSocketManager.handlePacket (/Users/carlosdiazplaza/ative_casino_bot/node_modules/discord.js/src/client/websocket/WebSocketManager.js:352:31)
    at WebSocketManager.<anonymous> (/Users/carlosdiazplaza/ative_casino_bot/node_modules/discord.js/src/client/websocket/WebSocketManager.js:236:12)
    at WebSocketManager.emit (/Users/carlosdiazplaza/ative_casino_bot/node_modules/@vladfrangu/async_event_emitter/dist/index.cjs:287:31)
    at WebSocketShard.<anonymous> (/Users/carlosdiazplaza/ative_casino_bot/node_modules/@discordjs/ws/dist/index.js:1190:51)
    at WebSocketShard.emit (/Users/carlosdiazplaza/ative_casino_bot/node_modules/@vladfrangu/async_event_emitter/dist/index.cjs:287:31)
2025-08-22 01:14:54 [INFO]: Received SIGINT, shutting down gracefully...
2025-08-22 01:16:04 [INFO]: Starting ATIVE Casino Bot in DEVELOPMENT mode
2025-08-22 01:16:05 [INFO]: ATIVE Casino Bot logged in as TEST ATIVE#2571 (ID: 1404027373048823838)
2025-08-22 01:16:05 [INFO]: 🔧 Using Firebase credentials from separated environment variables
2025-08-22 01:16:05 [INFO]: ✅ Created service account for project: ativecasino
2025-08-22 01:16:05 [INFO]: 🚀 Firebase app initialized
2025-08-22 01:16:05 [INFO]: ✅ Firebase Firestore connected successfully
2025-08-22 01:16:05 [INFO]: Firebase database manager initialized
2025-08-22 01:16:05 [INFO]: Database initialized successfully
2025-08-22 01:16:05 [INFO]: Loaded command: addmoney
2025-08-22 01:16:05 [INFO]: Loaded command: blackjack
2025-08-22 01:16:05 [INFO]: Loaded command: status
2025-08-22 01:16:05 [INFO]: Loaded command: balance
2025-08-22 01:16:05 [INFO]: Loaded command: panel
2025-08-22 01:16:05 [INFO]: Loaded command: polls
2025-08-22 01:16:05 [INFO]: Loaded command: slots
2025-08-22 01:16:05 [INFO]: Started refreshing application (/) commands
2025-08-22 01:16:05 [INFO]: Successfully reloaded 7 application (/) commands
2025-08-22 01:16:05 [INFO]: Loaded 7 commands
2025-08-22 01:16:05 [INFO]: Sent development announcement to channel
2025-08-22 01:16:09 [INFO]: Startup notification sent successfully
2025-08-22 04:34:16 [INFO]: Starting ATIVE Casino Bot in DEVELOPMENT mode
2025-08-22 04:34:17 [INFO]: ATIVE Casino Bot logged in as TEST ATIVE#2571 (ID: 1404027373048823838)
2025-08-22 04:34:17 [INFO]: 🔧 Using Firebase credentials from separated environment variables
2025-08-22 04:34:17 [INFO]: ✅ Created service account for project: ativecasino
2025-08-22 04:34:17 [INFO]: 🚀 Firebase app initialized
2025-08-22 04:34:17 [INFO]: ✅ Firebase Firestore connected successfully
2025-08-22 04:34:17 [INFO]: Firebase database manager initialized
2025-08-22 04:34:17 [INFO]: Database initialized successfully
2025-08-22 04:34:17 [INFO]: Loaded command: addmoney
2025-08-22 04:34:17 [INFO]: Loaded command: blackjack
2025-08-22 04:34:17 [INFO]: Loaded command: status
2025-08-22 04:34:17 [INFO]: Loaded command: balance
2025-08-22 04:34:17 [INFO]: Loaded command: lottery
2025-08-22 04:34:17 [INFO]: Loaded command: panel
2025-08-22 04:34:17 [INFO]: Loaded command: polls
2025-08-22 04:34:17 [INFO]: Loaded command: sendmoney
2025-08-22 04:34:17 [INFO]: Loaded command: slots
2025-08-22 04:34:17 [INFO]: Started refreshing application (/) commands
2025-08-22 04:34:17 [INFO]: Successfully reloaded 9 application (/) commands
2025-08-22 04:34:17 [INFO]: Loaded 9 commands
2025-08-22 04:34:17 [INFO]: Next lottery drawing scheduled for 8/24/2025, 3:00:00 PM (in 58 hours)
2025-08-22 04:34:17 [INFO]: Lottery game initialized with scheduling
2025-08-22 04:34:17 [INFO]: Lottery system initialized successfully
2025-08-22 04:34:18 [INFO]: Sent development announcement to channel
2025-08-22 04:34:21 [INFO]: Startup notification sent successfully
2025-08-22 04:44:07 [INFO]: Starting ATIVE Casino Bot in DEVELOPMENT mode
2025-08-22 04:44:07 [INFO]: ATIVE Casino Bot logged in as TEST ATIVE#2571 (ID: 1404027373048823838)
2025-08-22 04:44:07 [INFO]: 🔧 Using Firebase credentials from separated environment variables
2025-08-22 04:44:07 [INFO]: ✅ Created service account for project: ativecasino
2025-08-22 04:44:07 [INFO]: 🚀 Firebase app initialized
2025-08-22 04:44:07 [INFO]: ✅ Firebase Firestore connected successfully
2025-08-22 04:44:07 [INFO]: Firebase database manager initialized
2025-08-22 04:44:07 [INFO]: Database initialized successfully
2025-08-22 04:44:07 [INFO]: Loaded command: addmoney
2025-08-22 04:44:07 [INFO]: Loaded command: blackjack
2025-08-22 04:44:07 [INFO]: Loaded command: status
2025-08-22 04:44:07 [INFO]: Loaded command: balance
2025-08-22 04:44:07 [INFO]: Loaded command: lottery
2025-08-22 04:44:07 [INFO]: Loaded command: panel
2025-08-22 04:44:07 [INFO]: Loaded command: polls
2025-08-22 04:44:07 [INFO]: Loaded command: purchaselottery
2025-08-22 04:44:07 [INFO]: Loaded command: sendmoney
2025-08-22 04:44:07 [INFO]: Loaded command: slots
2025-08-22 04:44:07 [INFO]: Loaded command: updatelotterypanel
2025-08-22 04:44:07 [INFO]: Started refreshing application (/) commands
2025-08-22 04:44:07 [INFO]: Successfully reloaded 11 application (/) commands
2025-08-22 04:44:07 [INFO]: Loaded 11 commands
2025-08-22 04:44:07 [INFO]: Next lottery drawing scheduled for 8/24/2025, 3:00:00 PM (in 58 hours)
2025-08-22 04:44:07 [INFO]: Hourly lottery panel updates scheduled
2025-08-22 04:44:07 [INFO]: Lottery game initialized with scheduling and hourly panel updates
2025-08-22 04:44:07 [INFO]: Lottery system initialized successfully
2025-08-22 04:44:08 [INFO]: Sent development announcement to channel
2025-08-22 04:44:12 [INFO]: Startup notification sent successfully
2025-08-22 04:52:23 [INFO]: Starting ATIVE Casino Bot in DEVELOPMENT mode
2025-08-22 04:52:24 [INFO]: ATIVE Casino Bot logged in as TEST ATIVE#2571 (ID: 1404027373048823838)
2025-08-22 04:52:24 [INFO]: 🔧 Using Firebase credentials from separated environment variables
2025-08-22 04:52:24 [INFO]: ✅ Created service account for project: ativecasino
2025-08-22 04:52:24 [INFO]: 🚀 Firebase app initialized
2025-08-22 04:52:24 [INFO]: ✅ Firebase Firestore connected successfully
2025-08-22 04:52:24 [INFO]: Firebase database manager initialized
2025-08-22 04:52:24 [INFO]: Database initialized successfully
2025-08-22 04:52:24 [INFO]: Loaded command: addmoney
2025-08-22 04:52:24 [INFO]: Loaded command: blackjack
2025-08-22 04:52:24 [INFO]: Loaded command: status
2025-08-22 04:52:24 [INFO]: Loaded command: balance
2025-08-22 04:52:24 [INFO]: Loaded command: lottery
2025-08-22 04:52:24 [INFO]: Loaded command: panel
2025-08-22 04:52:24 [INFO]: Loaded command: polls
2025-08-22 04:52:24 [INFO]: Loaded command: purchaselottery
2025-08-22 04:52:24 [INFO]: Loaded command: sendmoney
2025-08-22 04:52:24 [INFO]: Loaded command: slots
2025-08-22 04:52:24 [INFO]: Loaded command: updatelotterypanel
2025-08-22 04:52:24 [INFO]: Started refreshing application (/) commands
2025-08-22 04:52:24 [INFO]: Successfully reloaded 11 application (/) commands
2025-08-22 04:52:24 [INFO]: Loaded 11 commands
2025-08-22 04:52:24 [INFO]: Next lottery drawing scheduled for 8/24/2025, 3:00:00 PM (in 58 hours)
2025-08-22 04:52:24 [INFO]: Hourly lottery panel updates scheduled
2025-08-22 04:52:24 [INFO]: Lottery game initialized with scheduling and hourly panel updates
2025-08-22 04:52:24 [INFO]: Lottery system initialized successfully
2025-08-22 04:52:24 [INFO]: Sent development announcement to channel
2025-08-22 04:52:29 [INFO]: Startup notification sent successfully
2025-08-22 04:53:19 [INFO]: Starting ATIVE Casino Bot in DEVELOPMENT mode
2025-08-22 04:53:19 [INFO]: ATIVE Casino Bot logged in as TEST ATIVE#2571 (ID: 1404027373048823838)
2025-08-22 04:53:19 [INFO]: 🔧 Using Firebase credentials from separated environment variables
2025-08-22 04:53:19 [INFO]: ✅ Created service account for project: ativecasino
2025-08-22 04:53:19 [INFO]: 🚀 Firebase app initialized
2025-08-22 04:53:19 [INFO]: ✅ Firebase Firestore connected successfully
2025-08-22 04:53:19 [INFO]: Firebase database manager initialized
2025-08-22 04:53:19 [INFO]: Database initialized successfully
2025-08-22 04:53:19 [INFO]: Loaded command: addmoney
2025-08-22 04:53:20 [INFO]: Loaded command: blackjack
2025-08-22 04:53:20 [INFO]: Loaded command: status
2025-08-22 04:53:20 [INFO]: Loaded command: balance
2025-08-22 04:53:20 [INFO]: Loaded command: lottery
2025-08-22 04:53:20 [INFO]: Loaded command: panel
2025-08-22 04:53:20 [INFO]: Loaded command: polls
2025-08-22 04:53:20 [INFO]: Loaded command: purchaselottery
2025-08-22 04:53:20 [INFO]: Loaded command: sendmoney
2025-08-22 04:53:20 [INFO]: Loaded command: slots
2025-08-22 04:53:20 [INFO]: Loaded command: updatelotterypanel
2025-08-22 04:53:20 [INFO]: Started refreshing application (/) commands
2025-08-22 04:53:20 [INFO]: Successfully reloaded 11 application (/) commands
2025-08-22 04:53:20 [INFO]: Loaded 11 commands
2025-08-22 04:53:20 [INFO]: Next lottery drawing scheduled for 8/24/2025, 3:00:00 PM (in 58 hours)
2025-08-22 04:53:20 [INFO]: Hourly lottery panel updates scheduled
2025-08-22 04:53:20 [INFO]: Lottery game initialized with scheduling and hourly panel updates
2025-08-22 04:53:20 [INFO]: Lottery system initialized successfully
2025-08-22 04:53:21 [INFO]: Sent development announcement to channel
2025-08-22 04:53:24 [INFO]: Startup notification sent successfully
2025-08-22 04:54:29 [INFO]: Set balance for user 466050111680544798: wallet=10450312350.57293, bank=999393992872178.8
2025-08-22 04:54:29 [INFO]: User 466050111680544798 placed bet of $10,000.00 for blackjack
2025-08-22 04:54:53 [ERROR]: TypeError: game.isCurrentHandComplete is not a function
    at Object.blackjack_hit (/Users/carlosdiazplaza/ative_casino_bot/COMMANDS/blackjack.js:224:22)
    at process.processTicksAndRejections (node:internal/process/task_queues:105:5)
    at async Client.<anonymous> (/Users/carlosdiazplaza/ative_casino_bot/index.js:428:21)
2025-08-22 04:57:05 [INFO]: Panel opened: developer by talmax1124 (466050111680544798)
2025-08-22 04:58:08 [INFO]: Received SIGINT, shutting down gracefully...
2025-08-22 05:05:28 [INFO]: Starting ATIVE Casino Bot in DEVELOPMENT mode
2025-08-22 05:05:29 [INFO]: ATIVE Casino Bot logged in as TEST ATIVE#2571 (ID: 1404027373048823838)
2025-08-22 05:05:29 [INFO]: 🔧 Using Firebase credentials from separated environment variables
2025-08-22 05:05:29 [INFO]: ✅ Created service account for project: ativecasino
2025-08-22 05:05:29 [INFO]: 🚀 Firebase app initialized
2025-08-22 05:05:29 [INFO]: ✅ Firebase Firestore connected successfully
2025-08-22 05:05:29 [INFO]: Firebase database manager initialized
2025-08-22 05:05:29 [INFO]: Database initialized successfully
2025-08-22 05:05:29 [INFO]: Loaded command: addmoney
2025-08-22 05:05:29 [ERROR]: /Users/carlosdiazplaza/ative_casino_bot/UTILS/gamePanelUtil.js:102
    },
     ^

SyntaxError: Unexpected token ','
    at wrapSafe (node:internal/modules/cjs/loader:1486:18)
    at Module._compile (node:internal/modules/cjs/loader:1528:20)
    at Object..js (node:internal/modules/cjs/loader:1706:10)
    at Module.load (node:internal/modules/cjs/loader:1289:32)
    at Function._load (node:internal/modules/cjs/loader:1108:12)
    at TracingChannel.traceSync (node:diagnostics_channel:322:14)
    at wrapModuleLoad (node:internal/modules/cjs/loader:220:24)
    at Module.require (node:internal/modules/cjs/loader:1311:12)
    at require (node:internal/modules/helpers:136:16)
    at Object.<anonymous> (/Users/carlosdiazplaza/ative_casino_bot/COMMANDS/blackjack.js:10:27)
2025-08-22 05:05:29 [INFO]: Next lottery drawing scheduled for 8/24/2025, 3:00:00 PM (in 58 hours)
2025-08-22 05:05:29 [INFO]: Hourly lottery panel updates scheduled
2025-08-22 05:05:29 [INFO]: Lottery game initialized with scheduling and hourly panel updates
2025-08-22 05:05:29 [INFO]: Lottery system initialized successfully
2025-08-22 05:05:29 [INFO]: Sent development announcement to channel
2025-08-22 05:05:33 [INFO]: Startup notification sent successfully
2025-08-22 05:06:24 [INFO]: Starting ATIVE Casino Bot in DEVELOPMENT mode
2025-08-22 05:06:24 [INFO]: ATIVE Casino Bot logged in as TEST ATIVE#2571 (ID: 1404027373048823838)
2025-08-22 05:06:24 [INFO]: 🔧 Using Firebase credentials from separated environment variables
2025-08-22 05:06:24 [INFO]: ✅ Created service account for project: ativecasino
2025-08-22 05:06:25 [INFO]: 🚀 Firebase app initialized
2025-08-22 05:06:25 [INFO]: ✅ Firebase Firestore connected successfully
2025-08-22 05:06:25 [INFO]: Firebase database manager initialized
2025-08-22 05:06:25 [INFO]: Database initialized successfully
2025-08-22 05:06:25 [INFO]: Loaded command: addmoney
2025-08-22 05:06:25 [ERROR]: /Users/carlosdiazplaza/ative_casino_bot/UTILS/gamePanelUtil.js:102
    },
     ^

SyntaxError: Unexpected token ','
    at wrapSafe (node:internal/modules/cjs/loader:1486:18)
    at Module._compile (node:internal/modules/cjs/loader:1528:20)
    at Object..js (node:internal/modules/cjs/loader:1706:10)
    at Module.load (node:internal/modules/cjs/loader:1289:32)
    at Function._load (node:internal/modules/cjs/loader:1108:12)
    at TracingChannel.traceSync (node:diagnostics_channel:322:14)
    at wrapModuleLoad (node:internal/modules/cjs/loader:220:24)
    at Module.require (node:internal/modules/cjs/loader:1311:12)
    at require (node:internal/modules/helpers:136:16)
    at Object.<anonymous> (/Users/carlosdiazplaza/ative_casino_bot/COMMANDS/blackjack.js:10:27)
2025-08-22 05:06:25 [INFO]: Next lottery drawing scheduled for 8/24/2025, 3:00:00 PM (in 58 hours)
2025-08-22 05:06:25 [INFO]: Hourly lottery panel updates scheduled
2025-08-22 05:06:25 [INFO]: Lottery game initialized with scheduling and hourly panel updates
2025-08-22 05:06:25 [INFO]: Lottery system initialized successfully
2025-08-22 05:06:25 [INFO]: Sent development announcement to channel
2025-08-22 05:06:29 [INFO]: Startup notification sent successfully
2025-08-22 05:08:14 [INFO]: Starting ATIVE Casino Bot in DEVELOPMENT mode
2025-08-22 05:08:15 [INFO]: ATIVE Casino Bot logged in as TEST ATIVE#2571 (ID: 1404027373048823838)
2025-08-22 05:08:15 [INFO]: 🔧 Using Firebase credentials from separated environment variables
2025-08-22 05:08:15 [INFO]: ✅ Created service account for project: ativecasino
2025-08-22 05:08:15 [INFO]: 🚀 Firebase app initialized
2025-08-22 05:08:15 [INFO]: ✅ Firebase Firestore connected successfully
2025-08-22 05:08:15 [INFO]: Firebase database manager initialized
2025-08-22 05:08:15 [INFO]: Database initialized successfully
2025-08-22 05:08:15 [INFO]: Loaded command: addmoney
2025-08-22 05:08:15 [ERROR]: /Users/carlosdiazplaza/ative_casino_bot/UTILS/gamePanelUtil.js:102
    },
     ^

SyntaxError: Unexpected token ','
    at wrapSafe (node:internal/modules/cjs/loader:1486:18)
    at Module._compile (node:internal/modules/cjs/loader:1528:20)
    at Object..js (node:internal/modules/cjs/loader:1706:10)
    at Module.load (node:internal/modules/cjs/loader:1289:32)
    at Function._load (node:internal/modules/cjs/loader:1108:12)
    at TracingChannel.traceSync (node:diagnostics_channel:322:14)
    at wrapModuleLoad (node:internal/modules/cjs/loader:220:24)
    at Module.require (node:internal/modules/cjs/loader:1311:12)
    at require (node:internal/modules/helpers:136:16)
    at Object.<anonymous> (/Users/carlosdiazplaza/ative_casino_bot/COMMANDS/blackjack.js:10:27)
2025-08-22 05:08:15 [INFO]: Next lottery drawing scheduled for 8/24/2025, 3:00:00 PM (in 58 hours)
2025-08-22 05:08:15 [INFO]: Hourly lottery panel updates scheduled
2025-08-22 05:08:15 [INFO]: Lottery game initialized with scheduling and hourly panel updates
2025-08-22 05:08:15 [INFO]: Lottery system initialized successfully
2025-08-22 05:08:16 [INFO]: Sent development announcement to channel
2025-08-22 05:08:19 [INFO]: Startup notification sent successfully
2025-08-22 05:08:55 [INFO]: Starting ATIVE Casino Bot in DEVELOPMENT mode
2025-08-22 05:08:55 [INFO]: ATIVE Casino Bot logged in as TEST ATIVE#2571 (ID: 1404027373048823838)
2025-08-22 05:08:55 [INFO]: 🔧 Using Firebase credentials from separated environment variables
2025-08-22 05:08:55 [INFO]: ✅ Created service account for project: ativecasino
2025-08-22 05:08:55 [INFO]: 🚀 Firebase app initialized
2025-08-22 05:08:55 [INFO]: ✅ Firebase Firestore connected successfully
2025-08-22 05:08:55 [INFO]: Firebase database manager initialized
2025-08-22 05:08:55 [INFO]: Database initialized successfully
2025-08-22 05:08:55 [INFO]: Loaded command: addmoney
2025-08-22 05:08:55 [ERROR]: /Users/carlosdiazplaza/ative_casino_bot/UTILS/gamePanelUtil.js:102
    },
     ^

SyntaxError: Unexpected token ','
    at wrapSafe (node:internal/modules/cjs/loader:1486:18)
    at Module._compile (node:internal/modules/cjs/loader:1528:20)
    at Object..js (node:internal/modules/cjs/loader:1706:10)
    at Module.load (node:internal/modules/cjs/loader:1289:32)
    at Function._load (node:internal/modules/cjs/loader:1108:12)
    at TracingChannel.traceSync (node:diagnostics_channel:322:14)
    at wrapModuleLoad (node:internal/modules/cjs/loader:220:24)
    at Module.require (node:internal/modules/cjs/loader:1311:12)
    at require (node:internal/modules/helpers:136:16)
    at Object.<anonymous> (/Users/carlosdiazplaza/ative_casino_bot/COMMANDS/blackjack.js:10:27)
2025-08-22 05:08:55 [INFO]: Next lottery drawing scheduled for 8/24/2025, 3:00:00 PM (in 58 hours)
2025-08-22 05:08:55 [INFO]: Hourly lottery panel updates scheduled
2025-08-22 05:08:55 [INFO]: Lottery game initialized with scheduling and hourly panel updates
2025-08-22 05:08:55 [INFO]: Lottery system initialized successfully
2025-08-22 05:08:55 [INFO]: Sent development announcement to channel
2025-08-22 05:08:59 [INFO]: Startup notification sent successfully
2025-08-22 05:12:06 [INFO]: Starting ATIVE Casino Bot in DEVELOPMENT mode
2025-08-22 05:12:07 [INFO]: ATIVE Casino Bot logged in as TEST ATIVE#2571 (ID: 1404027373048823838)
2025-08-22 05:12:07 [INFO]: 🔧 Using Firebase credentials from separated environment variables
2025-08-22 05:12:07 [INFO]: ✅ Created service account for project: ativecasino
2025-08-22 05:12:07 [INFO]: 🚀 Firebase app initialized
2025-08-22 05:12:07 [INFO]: ✅ Firebase Firestore connected successfully
2025-08-22 05:12:07 [INFO]: Firebase database manager initialized
2025-08-22 05:12:07 [INFO]: Database initialized successfully
2025-08-22 05:12:07 [INFO]: Loaded command: addmoney
2025-08-22 05:12:07 [INFO]: Loaded command: blackjack
2025-08-22 05:12:07 [INFO]: Loaded command: status
2025-08-22 05:12:07 [INFO]: Loaded command: balance
2025-08-22 05:12:07 [INFO]: Loaded command: lottery
2025-08-22 05:12:07 [INFO]: Loaded command: panel
2025-08-22 05:12:07 [INFO]: Loaded command: polls
2025-08-22 05:12:07 [INFO]: Loaded command: purchaselottery
2025-08-22 05:12:07 [INFO]: Loaded command: sendmoney
2025-08-22 05:12:07 [INFO]: Loaded command: slots
2025-08-22 05:12:07 [INFO]: Loaded command: updatelotterypanel
2025-08-22 05:12:07 [INFO]: Started refreshing application (/) commands
2025-08-22 05:12:07 [INFO]: Successfully reloaded 11 application (/) commands
2025-08-22 05:12:07 [INFO]: Loaded 11 commands
2025-08-22 05:12:07 [INFO]: Next lottery drawing scheduled for 8/24/2025, 3:00:00 PM (in 58 hours)
2025-08-22 05:12:07 [INFO]: Hourly lottery panel updates scheduled
2025-08-22 05:12:07 [INFO]: Lottery game initialized with scheduling and hourly panel updates
2025-08-22 05:12:07 [INFO]: Lottery system initialized successfully
2025-08-22 05:12:07 [INFO]: Sent development announcement to channel
2025-08-22 05:12:11 [INFO]: Startup notification sent successfully
2025-08-22 05:13:15 [INFO]: Starting ATIVE Casino Bot in DEVELOPMENT mode
2025-08-22 05:13:16 [INFO]: ATIVE Casino Bot logged in as TEST ATIVE#2571 (ID: 1404027373048823838)
2025-08-22 05:13:16 [INFO]: 🔧 Using Firebase credentials from separated environment variables
2025-08-22 05:13:16 [INFO]: ✅ Created service account for project: ativecasino
2025-08-22 05:13:16 [INFO]: 🚀 Firebase app initialized
2025-08-22 05:13:16 [INFO]: ✅ Firebase Firestore connected successfully
2025-08-22 05:13:16 [INFO]: Firebase database manager initialized
2025-08-22 05:13:16 [INFO]: Database initialized successfully
2025-08-22 05:13:16 [INFO]: Loaded command: addmoney
2025-08-22 05:13:16 [INFO]: Loaded command: blackjack
2025-08-22 05:13:16 [INFO]: Loaded command: status
2025-08-22 05:13:16 [INFO]: Loaded command: balance
2025-08-22 05:13:16 [INFO]: Loaded command: lottery
2025-08-22 05:13:16 [INFO]: Loaded command: panel
2025-08-22 05:13:16 [INFO]: Loaded command: polls
2025-08-22 05:13:16 [INFO]: Loaded command: purchaselottery
2025-08-22 05:13:16 [INFO]: Loaded command: sendmoney
2025-08-22 05:13:16 [INFO]: Loaded command: slots
2025-08-22 05:13:16 [INFO]: Loaded command: updatelotterypanel
2025-08-22 05:13:16 [INFO]: Started refreshing application (/) commands
2025-08-22 05:13:16 [INFO]: Successfully reloaded 11 application (/) commands
2025-08-22 05:13:16 [INFO]: Loaded 11 commands
2025-08-22 05:13:16 [INFO]: Next lottery drawing scheduled for 8/24/2025, 3:00:00 PM (in 58 hours)
2025-08-22 05:13:16 [INFO]: Hourly lottery panel updates scheduled
2025-08-22 05:13:16 [INFO]: Lottery game initialized with scheduling and hourly panel updates
2025-08-22 05:13:16 [INFO]: Lottery system initialized successfully
2025-08-22 05:13:17 [INFO]: Sent development announcement to channel
2025-08-22 05:13:21 [INFO]: Startup notification sent successfully
2025-08-22 05:13:46 [INFO]: Set balance for user 466050111680544798: wallet=10450302350.57293, bank=999393992872178.8
2025-08-22 05:13:46 [INFO]: User 466050111680544798 placed bet of $10,000.00 for blackjack
2025-08-22 05:14:04 [INFO]: Updated balance for user 466050111680544798: wallet_change=0, bank_change=0
2025-08-22 05:18:16 [INFO]: updateLotteryPanel called for guild 1403244656845787167
2025-08-22 05:18:16 [INFO]: No lottery panel tracked for guild 1403244656845787167, trying to find existing one
2025-08-22 05:18:17 [INFO]: No existing lottery panel found in channel 1406136478714826824
2025-08-22 05:18:17 [INFO]: No lottery panel found or tracked for guild 1403244656845787167
2025-08-22 05:18:17 [INFO]: Initial lottery panel update completed
2025-08-22 05:20:25 [INFO]: Received SIGINT, shutting down gracefully...
2025-08-22 14:01:52 [INFO]: Starting ATIVE Casino Bot in DEVELOPMENT mode
2025-08-22 14:01:53 [INFO]: ATIVE Casino Bot logged in as TEST ATIVE#2571 (ID: 1404027373048823838)
2025-08-22 14:01:53 [INFO]: 🔧 Using Firebase credentials from separated environment variables
2025-08-22 14:01:53 [INFO]: ✅ Created service account for project: ativecasino
2025-08-22 14:01:53 [INFO]: 🚀 Firebase app initialized
2025-08-22 14:01:53 [INFO]: ✅ Firebase Firestore connected successfully
2025-08-22 14:01:53 [INFO]: Firebase database manager initialized
2025-08-22 14:01:53 [INFO]: Database initialized successfully
2025-08-22 14:01:53 [INFO]: Loaded command: addmoney
2025-08-22 14:01:53 [INFO]: Loaded command: blackjack
2025-08-22 14:01:53 [INFO]: Loaded command: status
2025-08-22 14:01:53 [INFO]: Loaded command: balance
2025-08-22 14:01:53 [INFO]: Loaded command: lottery
2025-08-22 14:01:53 [INFO]: Loaded command: panel
2025-08-22 14:01:53 [INFO]: Loaded command: polls
2025-08-22 14:01:53 [INFO]: Loaded command: purchaselottery
2025-08-22 14:01:53 [INFO]: Loaded command: sendmoney
2025-08-22 14:01:53 [INFO]: Loaded command: slots
2025-08-22 14:01:53 [INFO]: Loaded command: updatelotterypanel
2025-08-22 14:01:53 [INFO]: Started refreshing application (/) commands
2025-08-22 14:01:53 [INFO]: Successfully reloaded 11 application (/) commands
2025-08-22 14:01:53 [INFO]: Loaded 11 commands
2025-08-22 14:01:53 [INFO]: Next lottery drawing scheduled for 8/24/2025, 3:00:00 PM (in 49 hours)
2025-08-22 14:01:53 [INFO]: Hourly lottery panel updates scheduled
2025-08-22 14:01:53 [INFO]: Lottery game initialized with scheduling and hourly panel updates
2025-08-22 14:01:53 [INFO]: Lottery system initialized successfully
2025-08-22 14:01:54 [INFO]: Sent development announcement to logs channel
2025-08-22 14:01:57 [INFO]: Startup notification sent successfully
2025-08-22 14:03:37 [INFO]: Starting ATIVE Casino Bot in DEVELOPMENT mode
2025-08-22 14:03:38 [INFO]: ATIVE Casino Bot logged in as TEST ATIVE#2571 (ID: 1404027373048823838)
2025-08-22 14:03:38 [INFO]: 🔧 Using Firebase credentials from separated environment variables
2025-08-22 14:03:38 [INFO]: ✅ Created service account for project: ativecasino
2025-08-22 14:03:38 [INFO]: 🚀 Firebase app initialized
2025-08-22 14:03:38 [INFO]: ✅ Firebase Firestore connected successfully
2025-08-22 14:03:38 [INFO]: Firebase database manager initialized
2025-08-22 14:03:38 [INFO]: Database initialized successfully
2025-08-22 14:03:38 [INFO]: Loaded command: addmoney
2025-08-22 14:03:38 [INFO]: Loaded command: blackjack
2025-08-22 14:03:38 [INFO]: Loaded command: status
2025-08-22 14:03:38 [INFO]: Loaded command: balance
2025-08-22 14:03:38 [INFO]: Loaded command: lottery
2025-08-22 14:03:38 [INFO]: Loaded command: panel
2025-08-22 14:03:38 [INFO]: Loaded command: polls
2025-08-22 14:03:38 [INFO]: Loaded command: purchaselottery
2025-08-22 14:03:38 [INFO]: Loaded command: sendmoney
2025-08-22 14:03:38 [INFO]: Loaded command: slots
2025-08-22 14:03:38 [INFO]: Loaded command: updatelotterypanel
2025-08-22 14:03:38 [INFO]: Started refreshing application (/) commands
2025-08-22 14:03:39 [INFO]: Successfully reloaded 11 application (/) commands
2025-08-22 14:03:39 [INFO]: Loaded 11 commands
2025-08-22 14:03:39 [INFO]: Next lottery drawing scheduled for 8/24/2025, 3:00:00 PM (in 49 hours)
2025-08-22 14:03:39 [INFO]: Hourly lottery panel updates scheduled
2025-08-22 14:03:39 [INFO]: Lottery game initialized with scheduling and hourly panel updates
2025-08-22 14:03:39 [INFO]: Lottery system initialized successfully
2025-08-22 14:03:39 [INFO]: Sent development announcement to logs channel
2025-08-22 14:03:43 [INFO]: Startup notification sent successfully
2025-08-22 14:04:23 [INFO]: Starting ATIVE Casino Bot in DEVELOPMENT mode
2025-08-22 14:04:25 [INFO]: ATIVE Casino Bot logged in as TEST ATIVE#2571 (ID: 1404027373048823838)
2025-08-22 14:04:25 [INFO]: 🔧 Using Firebase credentials from separated environment variables
2025-08-22 14:04:25 [INFO]: ✅ Created service account for project: ativecasino
2025-08-22 14:04:25 [INFO]: 🚀 Firebase app initialized
2025-08-22 14:04:25 [INFO]: ✅ Firebase Firestore connected successfully
2025-08-22 14:04:25 [INFO]: Firebase database manager initialized
2025-08-22 14:04:25 [INFO]: Database initialized successfully
2025-08-22 14:04:25 [INFO]: Loaded command: addmoney
2025-08-22 14:04:25 [INFO]: Loaded command: blackjack
2025-08-22 14:04:25 [INFO]: Loaded command: status
2025-08-22 14:04:25 [INFO]: Loaded command: balance
2025-08-22 14:04:25 [INFO]: Loaded command: lottery
2025-08-22 14:04:25 [INFO]: Loaded command: panel
2025-08-22 14:04:25 [INFO]: Loaded command: polls
2025-08-22 14:04:25 [INFO]: Loaded command: purchaselottery
2025-08-22 14:04:25 [INFO]: Loaded command: sendmoney
2025-08-22 14:04:25 [INFO]: Loaded command: slots
2025-08-22 14:04:25 [INFO]: Loaded command: updatelotterypanel
2025-08-22 14:04:25 [INFO]: Started refreshing application (/) commands
2025-08-22 14:04:25 [INFO]: Successfully reloaded 11 application (/) commands
2025-08-22 14:04:25 [INFO]: Loaded 11 commands
2025-08-22 14:04:25 [INFO]: Next lottery drawing scheduled for 8/24/2025, 3:00:00 PM (in 49 hours)
2025-08-22 14:04:25 [INFO]: Hourly lottery panel updates scheduled
2025-08-22 14:04:25 [INFO]: Lottery game initialized with scheduling and hourly panel updates
2025-08-22 14:04:25 [INFO]: Lottery system initialized successfully
2025-08-22 14:04:26 [INFO]: Sent development announcement to logs channel
2025-08-22 14:04:30 [INFO]: Startup notification sent successfully
2025-08-22 14:04:50 [INFO]: Set balance for user 466050111680544798: wallet=10450292350.57293, bank=999393992872178.8
2025-08-22 14:04:50 [INFO]: User 466050111680544798 placed bet of $10,000.00 for blackjack
2025-08-22 14:05:05 [INFO]: Updated balance for user 466050111680544798: wallet_change=0, bank_change=0
2025-08-22 14:09:25 [INFO]: updateLotteryPanel called for guild 1403244656845787167
2025-08-22 14:09:25 [INFO]: No lottery panel tracked for guild 1403244656845787167, trying to find existing one
2025-08-22 14:09:26 [INFO]: No existing lottery panel found in channel 1406136478714826824
2025-08-22 14:09:26 [INFO]: No lottery panel found or tracked for guild 1403244656845787167
2025-08-22 14:09:26 [INFO]: Initial lottery panel update completed
2025-08-22 14:09:56 [INFO]: Starting ATIVE Casino Bot in DEVELOPMENT mode
2025-08-22 14:09:57 [INFO]: ATIVE Casino Bot logged in as TEST ATIVE#2571 (ID: 1404027373048823838)
2025-08-22 14:09:57 [INFO]: 🔧 Using Firebase credentials from separated environment variables
2025-08-22 14:09:57 [INFO]: ✅ Created service account for project: ativecasino
2025-08-22 14:09:57 [INFO]: 🚀 Firebase app initialized
2025-08-22 14:09:57 [INFO]: ✅ Firebase Firestore connected successfully
2025-08-22 14:09:57 [INFO]: Firebase database manager initialized
2025-08-22 14:09:57 [INFO]: Database initialized successfully
2025-08-22 14:09:57 [INFO]: Loaded command: addmoney
2025-08-22 14:09:57 [INFO]: Loaded command: blackjack
2025-08-22 14:09:57 [INFO]: Loaded command: status
2025-08-22 14:09:57 [INFO]: Loaded command: balance
2025-08-22 14:09:57 [INFO]: Loaded command: lottery
2025-08-22 14:09:57 [INFO]: Loaded command: panel
2025-08-22 14:09:57 [INFO]: Loaded command: polls
2025-08-22 14:09:57 [INFO]: Loaded command: purchaselottery
2025-08-22 14:09:57 [INFO]: Loaded command: sendmoney
2025-08-22 14:09:57 [INFO]: Loaded command: slots
2025-08-22 14:09:57 [INFO]: Loaded command: updatelotterypanel
2025-08-22 14:09:57 [INFO]: Started refreshing application (/) commands
2025-08-22 14:09:57 [INFO]: Successfully reloaded 11 application (/) commands
2025-08-22 14:09:57 [INFO]: Loaded 11 commands
2025-08-22 14:09:57 [INFO]: Next lottery drawing scheduled for 8/24/2025, 3:00:00 PM (in 49 hours)
2025-08-22 14:09:57 [INFO]: Hourly lottery panel updates scheduled
2025-08-22 14:09:57 [INFO]: Lottery game initialized with scheduling and hourly panel updates
2025-08-22 14:09:57 [INFO]: Lottery system initialized successfully
2025-08-22 14:09:57 [INFO]: Sent development announcement to logs channel
2025-08-22 14:10:01 [INFO]: Startup notification sent successfully
2025-08-22 14:11:04 [INFO]: Received SIGINT, shutting down gracefully...
2025-08-22 14:11:05 [INFO]: Starting ATIVE Casino Bot in DEVELOPMENT mode
2025-08-22 14:11:06 [INFO]: ATIVE Casino Bot logged in as TEST ATIVE#2571 (ID: 1404027373048823838)
2025-08-22 14:11:06 [INFO]: 🔧 Using Firebase credentials from separated environment variables
2025-08-22 14:11:06 [INFO]: ✅ Created service account for project: ativecasino
2025-08-22 14:11:06 [INFO]: 🚀 Firebase app initialized
2025-08-22 14:11:06 [INFO]: ✅ Firebase Firestore connected successfully
2025-08-22 14:11:06 [INFO]: Firebase database manager initialized
2025-08-22 14:11:06 [INFO]: Database initialized successfully
2025-08-22 14:11:06 [INFO]: Loaded command: addmoney
2025-08-22 14:11:06 [INFO]: Loaded command: blackjack
2025-08-22 14:11:06 [INFO]: Loaded command: status
2025-08-22 14:11:06 [INFO]: Loaded command: balance
2025-08-22 14:11:06 [INFO]: Loaded command: lottery
2025-08-22 14:11:06 [INFO]: Loaded command: panel
2025-08-22 14:11:06 [INFO]: Loaded command: polls
2025-08-22 14:11:06 [INFO]: Loaded command: purchaselottery
2025-08-22 14:11:06 [INFO]: Loaded command: sendmoney
2025-08-22 14:11:06 [INFO]: Loaded command: slots
2025-08-22 14:11:06 [INFO]: Loaded command: updatelotterypanel
2025-08-22 14:11:06 [INFO]: Started refreshing application (/) commands
2025-08-22 14:11:06 [INFO]: Successfully reloaded 11 application (/) commands
2025-08-22 14:11:06 [INFO]: Loaded 11 commands
2025-08-22 14:11:06 [INFO]: Next lottery drawing scheduled for 8/24/2025, 3:00:00 PM (in 49 hours)
2025-08-22 14:11:06 [INFO]: Hourly lottery panel updates scheduled
2025-08-22 14:11:06 [INFO]: Lottery game initialized with scheduling and hourly panel updates
2025-08-22 14:11:06 [INFO]: Lottery system initialized successfully
2025-08-22 14:11:07 [INFO]: Sent development announcement to logs channel
2025-08-22 14:11:10 [INFO]: Startup notification sent successfully
2025-08-22 14:11:30 [INFO]: Set balance for user 466050111680544798: wallet=10450292250.57293, bank=999393992872178.8
2025-08-22 14:11:30 [INFO]: User 466050111680544798 placed bet of $100.00 for blackjack
2025-08-22 14:11:55 [INFO]: Updated balance for user 466050111680544798: wallet_change=100, bank_change=0
2025-08-22 14:16:06 [INFO]: updateLotteryPanel called for guild 1403244656845787167
2025-08-22 14:16:06 [INFO]: No lottery panel tracked for guild 1403244656845787167, trying to find existing one
2025-08-22 14:16:06 [INFO]: No existing lottery panel found in channel 1406136478714826824
2025-08-22 14:16:06 [INFO]: No lottery panel found or tracked for guild 1403244656845787167
2025-08-22 14:16:06 [INFO]: Initial lottery panel update completed
2025-08-22 14:19:39 [INFO]: Starting ATIVE Casino Bot in DEVELOPMENT mode
2025-08-22 14:19:40 [INFO]: ATIVE Casino Bot logged in as TEST ATIVE#2571 (ID: 1404027373048823838)
2025-08-22 14:19:40 [INFO]: 🔧 Using Firebase credentials from separated environment variables
2025-08-22 14:19:40 [INFO]: ✅ Created service account for project: ativecasino
2025-08-22 14:19:40 [INFO]: 🚀 Firebase app initialized
2025-08-22 14:19:40 [INFO]: ✅ Firebase Firestore connected successfully
2025-08-22 14:19:40 [INFO]: Firebase database manager initialized
2025-08-22 14:19:40 [INFO]: Database initialized successfully
2025-08-22 14:19:40 [INFO]: Loaded command: addmoney
2025-08-22 14:19:40 [INFO]: Loaded command: blackjack
2025-08-22 14:19:40 [INFO]: Loaded command: status
2025-08-22 14:19:40 [INFO]: Loaded command: balance
2025-08-22 14:19:40 [INFO]: Loaded command: lottery
2025-08-22 14:19:40 [INFO]: Loaded command: panel
2025-08-22 14:19:40 [INFO]: Loaded command: polls
2025-08-22 14:19:40 [INFO]: Loaded command: purchaselottery
2025-08-22 14:19:40 [INFO]: Loaded command: sendmoney
2025-08-22 14:19:40 [INFO]: Loaded command: slots
2025-08-22 14:19:40 [INFO]: Loaded command: updatelotterypanel
2025-08-22 14:19:40 [INFO]: Started refreshing application (/) commands
2025-08-22 14:19:40 [INFO]: Successfully reloaded 11 application (/) commands
2025-08-22 14:19:40 [INFO]: Loaded 11 commands
2025-08-22 14:19:40 [INFO]: Next lottery drawing scheduled for 8/24/2025, 3:00:00 PM (in 49 hours)
2025-08-22 14:19:40 [INFO]: Hourly lottery panel updates scheduled
2025-08-22 14:19:40 [INFO]: Lottery game initialized with scheduling and hourly panel updates
2025-08-22 14:19:40 [INFO]: Lottery system initialized successfully
2025-08-22 14:19:40 [INFO]: Sent development announcement to logs channel
2025-08-22 14:19:44 [INFO]: Startup notification sent successfully
2025-08-22 14:20:39 [INFO]: Received SIGINT, shutting down gracefully...
2025-08-22 14:20:40 [INFO]: Starting ATIVE Casino Bot in DEVELOPMENT mode
2025-08-22 14:20:41 [INFO]: ATIVE Casino Bot logged in as TEST ATIVE#2571 (ID: 1404027373048823838)
2025-08-22 14:20:41 [INFO]: 🔧 Using Firebase credentials from separated environment variables
2025-08-22 14:20:41 [INFO]: ✅ Created service account for project: ativecasino
2025-08-22 14:20:41 [INFO]: 🚀 Firebase app initialized
2025-08-22 14:20:41 [INFO]: ✅ Firebase Firestore connected successfully
2025-08-22 14:20:41 [INFO]: Firebase database manager initialized
2025-08-22 14:20:41 [INFO]: Database initialized successfully
2025-08-22 14:20:41 [INFO]: Loaded command: addmoney
2025-08-22 14:20:41 [INFO]: Loaded command: blackjack
2025-08-22 14:20:41 [INFO]: Loaded command: status
2025-08-22 14:20:41 [INFO]: Loaded command: balance
2025-08-22 14:20:41 [INFO]: Loaded command: lottery
2025-08-22 14:20:41 [INFO]: Loaded command: panel
2025-08-22 14:20:41 [INFO]: Loaded command: polls
2025-08-22 14:20:41 [INFO]: Loaded command: purchaselottery
2025-08-22 14:20:41 [INFO]: Loaded command: sendmoney
2025-08-22 14:20:41 [INFO]: Loaded command: slots
2025-08-22 14:20:41 [INFO]: Loaded command: updatelotterypanel
2025-08-22 14:20:41 [INFO]: Started refreshing application (/) commands
2025-08-22 14:20:41 [INFO]: Successfully reloaded 11 application (/) commands
2025-08-22 14:20:41 [INFO]: Loaded 11 commands
2025-08-22 14:20:41 [INFO]: Next lottery drawing scheduled for 8/24/2025, 3:00:00 PM (in 49 hours)
2025-08-22 14:20:41 [INFO]: Hourly lottery panel updates scheduled
2025-08-22 14:20:41 [INFO]: Lottery game initialized with scheduling and hourly panel updates
2025-08-22 14:20:41 [INFO]: Lottery system initialized successfully
2025-08-22 14:20:42 [INFO]: Sent development announcement to logs channel
2025-08-22 14:20:46 [INFO]: Startup notification sent successfully
2025-08-22 14:20:53 [INFO]: Set balance for user 466050111680544798: wallet=10450292200.57293, bank=999393992872178.8
2025-08-22 14:20:53 [INFO]: User 466050111680544798 placed bet of $150.00 for blackjack
2025-08-22 14:21:23 [INFO]: Updated balance for user 466050111680544798: wallet_change=150, bank_change=0
2025-08-22 14:24:20 [INFO]: Starting ATIVE Casino Bot in DEVELOPMENT mode
2025-08-22 14:24:21 [INFO]: ATIVE Casino Bot logged in as TEST ATIVE#2571 (ID: 1404027373048823838)
2025-08-22 14:24:21 [INFO]: 🔧 Using Firebase credentials from separated environment variables
2025-08-22 14:24:21 [INFO]: ✅ Created service account for project: ativecasino
2025-08-22 14:24:21 [INFO]: 🚀 Firebase app initialized
2025-08-22 14:24:21 [INFO]: ✅ Firebase Firestore connected successfully
2025-08-22 14:24:21 [INFO]: Firebase database manager initialized
2025-08-22 14:24:21 [INFO]: Database initialized successfully
2025-08-22 14:24:21 [INFO]: Loaded command: addmoney
2025-08-22 14:24:21 [INFO]: Loaded command: blackjack
2025-08-22 14:24:21 [INFO]: Loaded command: status
2025-08-22 14:24:21 [INFO]: Loaded command: balance
2025-08-22 14:24:21 [INFO]: Loaded command: lottery
2025-08-22 14:24:21 [INFO]: Loaded command: panel
2025-08-22 14:24:21 [INFO]: Loaded command: polls
2025-08-22 14:24:21 [INFO]: Loaded command: purchaselottery
2025-08-22 14:24:21 [INFO]: Loaded command: sendmoney
2025-08-22 14:24:21 [INFO]: Loaded command: slots
2025-08-22 14:24:21 [INFO]: Loaded command: updatelotterypanel
2025-08-22 14:24:21 [INFO]: Started refreshing application (/) commands
2025-08-22 14:24:21 [INFO]: Successfully reloaded 11 application (/) commands
2025-08-22 14:24:21 [INFO]: Loaded 11 commands
2025-08-22 14:24:21 [INFO]: Next lottery drawing scheduled for 8/24/2025, 3:00:00 PM (in 49 hours)
2025-08-22 14:24:21 [INFO]: Hourly lottery panel updates scheduled
2025-08-22 14:24:21 [INFO]: Lottery game initialized with scheduling and hourly panel updates
2025-08-22 14:24:21 [INFO]: Lottery system initialized successfully
2025-08-22 14:24:21 [INFO]: Sent development announcement to logs channel
2025-08-22 14:24:25 [INFO]: Startup notification sent successfully
2025-08-22 14:25:41 [INFO]: updateLotteryPanel called for guild 1403244656845787167
2025-08-22 14:25:41 [INFO]: No lottery panel tracked for guild 1403244656845787167, trying to find existing one
2025-08-22 14:25:42 [INFO]: No existing lottery panel found in channel 1406136478714826824
2025-08-22 14:25:42 [INFO]: No lottery panel found or tracked for guild 1403244656845787167
2025-08-22 14:25:42 [INFO]: Initial lottery panel update completed
2025-08-22 14:27:31 [INFO]: Received SIGINT, shutting down gracefully...
2025-08-22 14:29:31 [INFO]: Starting ATIVE Casino Bot in DEVELOPMENT mode
2025-08-22 14:29:31 [INFO]: ATIVE Casino Bot logged in as TEST ATIVE#2571 (ID: 1404027373048823838)
2025-08-22 14:29:31 [INFO]: 🔧 Using Firebase credentials from separated environment variables
2025-08-22 14:29:31 [INFO]: ✅ Created service account for project: ativecasino
2025-08-22 14:29:31 [INFO]: 🚀 Firebase app initialized
2025-08-22 14:29:31 [INFO]: ✅ Firebase Firestore connected successfully
2025-08-22 14:29:31 [INFO]: Firebase database manager initialized
2025-08-22 14:29:31 [INFO]: Database initialized successfully
2025-08-22 14:29:31 [INFO]: Loaded command: addmoney
2025-08-22 14:29:31 [INFO]: Loaded command: blackjack
2025-08-22 14:29:31 [INFO]: Loaded command: status
2025-08-22 14:29:31 [INFO]: Loaded command: balance
2025-08-22 14:29:31 [INFO]: Loaded command: lottery
2025-08-22 14:29:31 [INFO]: Loaded command: panel
2025-08-22 14:29:31 [INFO]: Loaded command: polls
2025-08-22 14:29:31 [INFO]: Loaded command: purchaselottery
2025-08-22 14:29:31 [INFO]: Loaded command: sendmoney
2025-08-22 14:29:31 [INFO]: Loaded command: slots
2025-08-22 14:29:31 [INFO]: Loaded command: updatelotterypanel
2025-08-22 14:29:31 [INFO]: Started refreshing application (/) commands
2025-08-22 14:29:32 [INFO]: Successfully reloaded 11 application (/) commands
2025-08-22 14:29:32 [INFO]: Loaded 11 commands
2025-08-22 14:29:32 [INFO]: Next lottery drawing scheduled for 8/24/2025, 3:00:00 PM (in 49 hours)
2025-08-22 14:29:32 [INFO]: Hourly lottery panel updates scheduled
2025-08-22 14:29:32 [INFO]: Lottery game initialized with scheduling and hourly panel updates
2025-08-22 14:29:32 [INFO]: Lottery system initialized successfully
2025-08-22 14:29:32 [INFO]: Sent development announcement to logs channel
2025-08-22 14:29:36 [INFO]: Startup notification sent successfully
2025-08-22 14:36:32 [INFO]: Starting ATIVE Casino Bot in DEVELOPMENT mode
2025-08-22 14:36:32 [INFO]: ATIVE Casino Bot logged in as TEST ATIVE#2571 (ID: 1404027373048823838)
2025-08-22 14:36:32 [INFO]: 🔧 Using Firebase credentials from separated environment variables
2025-08-22 14:36:32 [INFO]: ✅ Created service account for project: ativecasino
2025-08-22 14:36:32 [INFO]: 🚀 Firebase app initialized
2025-08-22 14:36:32 [INFO]: ✅ Firebase Firestore connected successfully
2025-08-22 14:36:32 [INFO]: Firebase database manager initialized
2025-08-22 14:36:32 [INFO]: Database initialized successfully
2025-08-22 14:36:32 [INFO]: Loaded command: addmoney
2025-08-22 14:36:32 [INFO]: Loaded command: blackjack
2025-08-22 14:36:32 [INFO]: Loaded command: crash
2025-08-22 14:36:32 [INFO]: Loaded command: status
2025-08-22 14:36:32 [INFO]: Loaded command: balance
2025-08-22 14:36:32 [INFO]: Loaded command: lottery
2025-08-22 14:36:32 [INFO]: Loaded command: panel
2025-08-22 14:36:32 [INFO]: Loaded command: polls
2025-08-22 14:36:32 [INFO]: Loaded command: purchaselottery
2025-08-22 14:36:32 [INFO]: Loaded command: sendmoney
2025-08-22 14:36:32 [INFO]: Loaded command: slots
2025-08-22 14:36:32 [INFO]: Loaded command: updatelotterypanel
2025-08-22 14:36:32 [INFO]: Started refreshing application (/) commands
2025-08-22 14:36:33 [INFO]: Successfully reloaded 12 application (/) commands
2025-08-22 14:36:33 [INFO]: Loaded 12 commands
2025-08-22 14:36:33 [INFO]: Next lottery drawing scheduled for 8/24/2025, 3:00:00 PM (in 48 hours)
2025-08-22 14:36:33 [INFO]: Hourly lottery panel updates scheduled
2025-08-22 14:36:33 [INFO]: Lottery game initialized with scheduling and hourly panel updates
2025-08-22 14:36:33 [INFO]: Lottery system initialized successfully
2025-08-22 14:36:33 [INFO]: Sent development announcement to logs channel
2025-08-22 14:36:37 [INFO]: Startup notification sent successfully
2025-08-22 14:43:44 [INFO]: Starting ATIVE Casino Bot in DEVELOPMENT mode
2025-08-22 14:43:44 [INFO]: ATIVE Casino Bot logged in as TEST ATIVE#2571 (ID: 1404027373048823838)
2025-08-22 14:43:44 [INFO]: 🔧 Using Firebase credentials from separated environment variables
2025-08-22 14:43:44 [INFO]: ✅ Created service account for project: ativecasino
2025-08-22 14:43:44 [INFO]: 🚀 Firebase app initialized
2025-08-22 14:43:44 [INFO]: ✅ Firebase Firestore connected successfully
2025-08-22 14:43:44 [INFO]: Firebase database manager initialized
2025-08-22 14:43:44 [INFO]: Database initialized successfully
2025-08-22 14:43:44 [INFO]: Loaded command: addmoney
2025-08-22 14:43:44 [INFO]: Loaded command: blackjack
2025-08-22 14:43:44 [INFO]: Loaded command: crash
2025-08-22 14:43:44 [INFO]: Loaded command: status
2025-08-22 14:43:44 [INFO]: Loaded command: balance
2025-08-22 14:43:44 [INFO]: Loaded command: lottery
2025-08-22 14:43:44 [INFO]: Loaded command: panel
2025-08-22 14:43:44 [INFO]: Loaded command: polls
2025-08-22 14:43:44 [INFO]: Loaded command: purchaselottery
2025-08-22 14:43:44 [INFO]: Loaded command: sendmoney
2025-08-22 14:43:44 [INFO]: Loaded command: slots
2025-08-22 14:43:44 [INFO]: Loaded command: stopcrash
2025-08-22 14:43:44 [INFO]: Loaded command: updatelotterypanel
2025-08-22 14:43:44 [INFO]: Started refreshing application (/) commands
2025-08-22 14:43:45 [INFO]: Successfully reloaded 13 application (/) commands
2025-08-22 14:43:45 [INFO]: Loaded 13 commands
2025-08-22 14:43:45 [INFO]: Next lottery drawing scheduled for 8/24/2025, 3:00:00 PM (in 48 hours)
2025-08-22 14:43:45 [INFO]: Hourly lottery panel updates scheduled
2025-08-22 14:43:45 [INFO]: Lottery game initialized with scheduling and hourly panel updates
2025-08-22 14:43:45 [INFO]: Lottery system initialized successfully
2025-08-22 14:43:45 [INFO]: Sent development announcement to logs channel
2025-08-22 14:43:49 [INFO]: Startup notification sent successfully
2025-08-22 14:44:49 [INFO]: Starting ATIVE Casino Bot in DEVELOPMENT mode
2025-08-22 14:44:50 [INFO]: ATIVE Casino Bot logged in as TEST ATIVE#2571 (ID: 1404027373048823838)
2025-08-22 14:44:50 [INFO]: 🔧 Using Firebase credentials from separated environment variables
2025-08-22 14:44:50 [INFO]: ✅ Created service account for project: ativecasino
2025-08-22 14:44:50 [INFO]: 🚀 Firebase app initialized
2025-08-22 14:44:50 [INFO]: ✅ Firebase Firestore connected successfully
2025-08-22 14:44:50 [INFO]: Firebase database manager initialized
2025-08-22 14:44:50 [INFO]: Database initialized successfully
2025-08-22 14:44:50 [INFO]: Loaded command: addmoney
2025-08-22 14:44:50 [INFO]: Loaded command: blackjack
2025-08-22 14:44:50 [INFO]: Loaded command: crash
2025-08-22 14:44:50 [INFO]: Loaded command: status
2025-08-22 14:44:50 [INFO]: Loaded command: balance
2025-08-22 14:44:50 [INFO]: Loaded command: lottery
2025-08-22 14:44:50 [INFO]: Loaded command: panel
2025-08-22 14:44:50 [INFO]: Loaded command: polls
2025-08-22 14:44:50 [INFO]: Loaded command: purchaselottery
2025-08-22 14:44:50 [INFO]: Loaded command: sendmoney
2025-08-22 14:44:50 [INFO]: Loaded command: slots
2025-08-22 14:44:50 [INFO]: Loaded command: stopcrash
2025-08-22 14:44:50 [INFO]: Loaded command: updatelotterypanel
2025-08-22 14:44:50 [INFO]: Started refreshing application (/) commands
2025-08-22 14:44:50 [INFO]: Successfully reloaded 13 application (/) commands
2025-08-22 14:44:50 [INFO]: Loaded 13 commands
2025-08-22 14:44:50 [INFO]: Next lottery drawing scheduled for 8/24/2025, 3:00:00 PM (in 48 hours)
2025-08-22 14:44:50 [INFO]: Hourly lottery panel updates scheduled
2025-08-22 14:44:50 [INFO]: Lottery game initialized with scheduling and hourly panel updates
2025-08-22 14:44:50 [INFO]: Lottery system initialized successfully
2025-08-22 14:44:51 [INFO]: Sent development announcement to logs channel
2025-08-22 14:44:55 [INFO]: Startup notification sent successfully
2025-08-22 14:46:55 [INFO]: Set balance for user 466050111680544798: wallet=10450282350.57293, bank=999393992872178.8
2025-08-22 14:46:55 [INFO]: User 466050111680544798 placed bet of $10.00K for blackjack
2025-08-22 14:47:11 [INFO]: Updated balance for user 466050111680544798: wallet_change=20000, bank_change=0
2025-08-22 14:49:50 [INFO]: updateLotteryPanel called for guild 1403244656845787167
2025-08-22 14:49:50 [INFO]: No lottery panel tracked for guild 1403244656845787167, trying to find existing one
2025-08-22 14:49:51 [INFO]: No existing lottery panel found in channel 1406136478714826824
2025-08-22 14:49:51 [INFO]: No lottery panel found or tracked for guild 1403244656845787167
2025-08-22 14:49:51 [INFO]: Initial lottery panel update completed
2025-08-22 14:57:21 [INFO]: Starting ATIVE Casino Bot in DEVELOPMENT mode
2025-08-22 14:57:22 [INFO]: ATIVE Casino Bot logged in as TEST ATIVE#2571 (ID: 1404027373048823838)
2025-08-22 14:57:22 [INFO]: 🔧 Using Firebase credentials from separated environment variables
2025-08-22 14:57:22 [INFO]: ✅ Created service account for project: ativecasino
2025-08-22 14:57:22 [INFO]: 🚀 Firebase app initialized
2025-08-22 14:57:22 [INFO]: ✅ Firebase Firestore connected successfully
2025-08-22 14:57:22 [INFO]: Firebase database manager initialized
2025-08-22 14:57:22 [INFO]: Database initialized successfully
2025-08-22 14:57:22 [INFO]: Loaded command: addmoney
2025-08-22 14:57:22 [INFO]: Loaded command: blackjack
2025-08-22 14:57:22 [INFO]: Loaded command: crash
2025-08-22 14:57:22 [INFO]: Loaded command: status
2025-08-22 14:57:22 [INFO]: Loaded command: balance
2025-08-22 14:57:22 [INFO]: Loaded command: lottery
2025-08-22 14:57:22 [INFO]: Loaded command: panel
2025-08-22 14:57:22 [INFO]: Loaded command: polls
2025-08-22 14:57:22 [INFO]: Loaded command: purchaselottery
2025-08-22 14:57:22 [INFO]: Loaded command: sendmoney
2025-08-22 14:57:22 [INFO]: Loaded command: slots
2025-08-22 14:57:22 [INFO]: Loaded command: stopcrash
2025-08-22 14:57:22 [INFO]: Loaded command: updatelotterypanel
2025-08-22 14:57:22 [INFO]: Started refreshing application (/) commands
2025-08-22 14:57:22 [INFO]: Successfully reloaded 13 application (/) commands
2025-08-22 14:57:22 [INFO]: Loaded 13 commands
2025-08-22 14:57:22 [INFO]: Next lottery drawing scheduled for 8/24/2025, 3:00:00 PM (in 48 hours)
2025-08-22 14:57:22 [INFO]: Hourly lottery panel updates scheduled
2025-08-22 14:57:22 [INFO]: Lottery game initialized with scheduling and hourly panel updates
2025-08-22 14:57:22 [INFO]: Lottery system initialized successfully
2025-08-22 14:57:23 [INFO]: Sent development announcement to logs channel
2025-08-22 14:57:26 [INFO]: Startup notification sent successfully
2025-08-22 14:58:25 [INFO]: Received SIGINT, shutting down gracefully...
2025-08-22 14:59:08 [INFO]: Starting ATIVE Casino Bot in DEVELOPMENT mode
2025-08-22 14:59:08 [INFO]: ATIVE Casino Bot logged in as TEST ATIVE#2571 (ID: 1404027373048823838)
2025-08-22 14:59:08 [INFO]: 🔧 Using Firebase credentials from separated environment variables
2025-08-22 14:59:08 [INFO]: ✅ Created service account for project: ativecasino
2025-08-22 14:59:08 [INFO]: 🚀 Firebase app initialized
2025-08-22 14:59:08 [INFO]: ✅ Firebase Firestore connected successfully
2025-08-22 14:59:08 [INFO]: Firebase database manager initialized
2025-08-22 14:59:08 [INFO]: Database initialized successfully
2025-08-22 14:59:08 [INFO]: Loaded command: addmoney
2025-08-22 14:59:08 [INFO]: Loaded command: blackjack
2025-08-22 14:59:08 [INFO]: Loaded command: crash
2025-08-22 14:59:08 [INFO]: Loaded command: status
2025-08-22 14:59:08 [INFO]: Loaded command: balance
2025-08-22 14:59:08 [INFO]: Loaded command: lottery
2025-08-22 14:59:08 [INFO]: Loaded command: panel
2025-08-22 14:59:08 [INFO]: Loaded command: polls
2025-08-22 14:59:08 [INFO]: Loaded command: purchaselottery
2025-08-22 14:59:08 [INFO]: Loaded command: sendmoney
2025-08-22 14:59:08 [INFO]: Loaded command: slots
2025-08-22 14:59:08 [INFO]: Loaded command: stopcrash
2025-08-22 14:59:08 [INFO]: Loaded command: updatelotterypanel
2025-08-22 14:59:08 [INFO]: Started refreshing application (/) commands
2025-08-22 14:59:09 [INFO]: Successfully reloaded 13 application (/) commands
2025-08-22 14:59:09 [INFO]: Loaded 13 commands
2025-08-22 14:59:09 [INFO]: Next lottery drawing scheduled for 8/24/2025, 3:00:00 PM (in 48 hours)
2025-08-22 14:59:09 [INFO]: Hourly lottery panel updates scheduled
2025-08-22 14:59:09 [INFO]: Lottery game initialized with scheduling and hourly panel updates
2025-08-22 14:59:09 [INFO]: Lottery system initialized successfully
2025-08-22 14:59:09 [INFO]: Sent development announcement to logs channel
2025-08-22 14:59:13 [INFO]: Startup notification sent successfully
2025-08-22 14:59:31 [ERROR]: /crash error: %s
