2025-08-22 01:14:25 [ERROR]: TypeError: game.stand is not a function
    at Object.blackjack_stand (/Users/carlosdiazplaza/ative_casino_bot/COMMANDS/blackjack.js:269:14)
    at Client.<anonymous> (/Users/carlosdiazplaza/ative_casino_bot/index.js:253:68)
    at Client.emit (node:events:518:28)
    at InteractionCreateAction.handle (/Users/carlosdiazplaza/ative_casino_bot/node_modules/discord.js/src/client/actions/InteractionCreate.js:101:12)
    at module.exports [as INTERACTION_CREATE] (/Users/carlosdiazplaza/ative_casino_bot/node_modules/discord.js/src/client/websocket/handlers/INTERACTION_CREATE.js:4:36)
    at WebSocketManager.handlePacket (/Users/carlosdiazplaza/ative_casino_bot/node_modules/discord.js/src/client/websocket/WebSocketManager.js:352:31)
    at WebSocketManager.<anonymous> (/Users/carlosdiazplaza/ative_casino_bot/node_modules/discord.js/src/client/websocket/WebSocketManager.js:236:12)
    at WebSocketManager.emit (/Users/carlosdiazplaza/ative_casino_bot/node_modules/@vladfrangu/async_event_emitter/dist/index.cjs:287:31)
    at WebSocketShard.<anonymous> (/Users/carlosdiazplaza/ative_casino_bot/node_modules/@discordjs/ws/dist/index.js:1190:51)
    at WebSocketShard.emit (/Users/carlosdiazplaza/ative_casino_bot/node_modules/@vladfrangu/async_event_emitter/dist/index.cjs:287:31)
2025-08-22 04:54:53 [ERROR]: TypeError: game.isCurrentHandComplete is not a function
    at Object.blackjack_hit (/Users/carlosdiazplaza/ative_casino_bot/COMMANDS/blackjack.js:224:22)
    at process.processTicksAndRejections (node:internal/process/task_queues:105:5)
    at async Client.<anonymous> (/Users/carlosdiazplaza/ative_casino_bot/index.js:428:21)
2025-08-22 05:05:29 [ERROR]: /Users/carlosdiazplaza/ative_casino_bot/UTILS/gamePanelUtil.js:102
    },
     ^

SyntaxError: Unexpected token ','
    at wrapSafe (node:internal/modules/cjs/loader:1486:18)
    at Module._compile (node:internal/modules/cjs/loader:1528:20)
    at Object..js (node:internal/modules/cjs/loader:1706:10)
    at Module.load (node:internal/modules/cjs/loader:1289:32)
    at Function._load (node:internal/modules/cjs/loader:1108:12)
    at TracingChannel.traceSync (node:diagnostics_channel:322:14)
    at wrapModuleLoad (node:internal/modules/cjs/loader:220:24)
    at Module.require (node:internal/modules/cjs/loader:1311:12)
    at require (node:internal/modules/helpers:136:16)
    at Object.<anonymous> (/Users/carlosdiazplaza/ative_casino_bot/COMMANDS/blackjack.js:10:27)
2025-08-22 05:06:25 [ERROR]: /Users/carlosdiazplaza/ative_casino_bot/UTILS/gamePanelUtil.js:102
    },
     ^

SyntaxError: Unexpected token ','
    at wrapSafe (node:internal/modules/cjs/loader:1486:18)
    at Module._compile (node:internal/modules/cjs/loader:1528:20)
    at Object..js (node:internal/modules/cjs/loader:1706:10)
    at Module.load (node:internal/modules/cjs/loader:1289:32)
    at Function._load (node:internal/modules/cjs/loader:1108:12)
    at TracingChannel.traceSync (node:diagnostics_channel:322:14)
    at wrapModuleLoad (node:internal/modules/cjs/loader:220:24)
    at Module.require (node:internal/modules/cjs/loader:1311:12)
    at require (node:internal/modules/helpers:136:16)
    at Object.<anonymous> (/Users/carlosdiazplaza/ative_casino_bot/COMMANDS/blackjack.js:10:27)
2025-08-22 05:08:15 [ERROR]: /Users/carlosdiazplaza/ative_casino_bot/UTILS/gamePanelUtil.js:102
    },
     ^

SyntaxError: Unexpected token ','
    at wrapSafe (node:internal/modules/cjs/loader:1486:18)
    at Module._compile (node:internal/modules/cjs/loader:1528:20)
    at Object..js (node:internal/modules/cjs/loader:1706:10)
    at Module.load (node:internal/modules/cjs/loader:1289:32)
    at Function._load (node:internal/modules/cjs/loader:1108:12)
    at TracingChannel.traceSync (node:diagnostics_channel:322:14)
    at wrapModuleLoad (node:internal/modules/cjs/loader:220:24)
    at Module.require (node:internal/modules/cjs/loader:1311:12)
    at require (node:internal/modules/helpers:136:16)
    at Object.<anonymous> (/Users/carlosdiazplaza/ative_casino_bot/COMMANDS/blackjack.js:10:27)
2025-08-22 05:08:55 [ERROR]: /Users/carlosdiazplaza/ative_casino_bot/UTILS/gamePanelUtil.js:102
    },
     ^

SyntaxError: Unexpected token ','
    at wrapSafe (node:internal/modules/cjs/loader:1486:18)
    at Module._compile (node:internal/modules/cjs/loader:1528:20)
    at Object..js (node:internal/modules/cjs/loader:1706:10)
    at Module.load (node:internal/modules/cjs/loader:1289:32)
    at Function._load (node:internal/modules/cjs/loader:1108:12)
    at TracingChannel.traceSync (node:diagnostics_channel:322:14)
    at wrapModuleLoad (node:internal/modules/cjs/loader:220:24)
    at Module.require (node:internal/modules/cjs/loader:1311:12)
    at require (node:internal/modules/helpers:136:16)
    at Object.<anonymous> (/Users/carlosdiazplaza/ative_casino_bot/COMMANDS/blackjack.js:10:27)
2025-08-22 14:59:31 [ERROR]: /crash error: %s
